{
	"code": "ABC123",
	"content": {
		"name": "Test Hotel"
	}
}