{
	"ids": [
		"ABC123"
	],
	"identifier": "123456789"
}